src/components/AnalyticsUniverse.tsx(236,59): error TS2322: Type '{ children: Element; camera: { position: number[]; fov: number; }; dpr: number[]; }' is not assignable to type 'IntrinsicAttributes & SharedCanvasProps'.
  Property 'dpr' does not exist on type 'IntrinsicAttributes & SharedCanvasProps'.
src/components/AsteroidBackground.tsx(83,9): error TS18047: 'ref.current' is possibly 'null'.
src/components/AsteroidBackground.tsx(131,58): error TS2322: Type '{ children: Element[]; camera: { position: number[]; fov: number; }; gl: { antialias: boolean; }; }' is not assignable to type 'IntrinsicAttributes & SharedCanvasProps'.
  Property 'gl' does not exist on type 'IntrinsicAttributes & SharedCanvasProps'.
src/components/BlackHoleBackground.tsx(284,9): error TS2322: Type '{ children: Element[]; camera: { position: number[]; fov: number; }; gl: { antialias: boolean; powerPreference: string; }; dpr: number[]; }' is not assignable to type 'IntrinsicAttributes & SharedCanvasProps'.
  Property 'gl' does not exist on type 'IntrinsicAttributes & SharedCanvasProps'.
src/components/canvas/FloatingAICore.tsx(163,47): error TS2345: Argument of type 'number | undefined' is not assignable to parameter of type 'number'.
  Type 'undefined' is not assignable to type 'number'.
src/components/canvas/FloatingAICore.tsx(164,38): error TS2345: Argument of type 'number | undefined' is not assignable to parameter of type 'number'.
  Type 'undefined' is not assignable to type 'number'.
src/components/canvas/HeroSpaceshipScene.tsx(251,9): error TS2322: Type '{ children: Element; camera: { position: number[]; fov: number; }; gl: { antialias: boolean; alpha: boolean; powerPreference: string; }; }' is not assignable to type 'IntrinsicAttributes & SharedCanvasProps'.
  Property 'gl' does not exist on type 'IntrinsicAttributes & SharedCanvasProps'.
src/components/canvas/LiveThumbnailScene.tsx(48,59): error TS2322: Type '{ children: Element[]; camera: { position: number[]; fov: number; }; gl: { alpha: boolean; }; }' is not assignable to type 'IntrinsicAttributes & SharedCanvasProps'.
  Property 'gl' does not exist on type 'IntrinsicAttributes & SharedCanvasProps'.
src/components/canvas/StorytellingHallway.tsx(186,56): error TS2322: Type '{ children: Element[]; camera: { position: number[]; fov: number; }; dpr: number[]; }' is not assignable to type 'IntrinsicAttributes & SharedCanvasProps'.
  Property 'dpr' does not exist on type 'IntrinsicAttributes & SharedCanvasProps'.
src/components/landing/ShowcaseCard.tsx(113,15): error TS2322: Type 'MutableRefObject<HTMLDivElement | null>' is not assignable to type 'RefObject<HTMLElement>'.
  Types of property 'current' are incompatible.
    Type 'HTMLDivElement | null' is not assignable to type 'HTMLElement'.
      Type 'null' is not assignable to type 'HTMLElement'.
src/components/MentorHologram.tsx(134,59): error TS2322: Type '{ children: Element; camera: { position: number[]; fov: number; }; dpr: number[]; }' is not assignable to type 'IntrinsicAttributes & SharedCanvasProps'.
  Property 'dpr' does not exist on type 'IntrinsicAttributes & SharedCanvasProps'.
src/components/NodeDrawer.tsx(634,22): error TS2339: Property 'quiz' does not exist on type 'string | number | boolean | JSONObject | JSONArray | { practice: string[]; what: string[]; how: string[]; mini_project: { title: string; brief: string; }; quiz: { q: string; answer: number; choices: string[]; }[]; }'.
  Property 'quiz' does not exist on type 'string'.
src/components/NodeDrawer.tsx(637,16): error TS2339: Property 'quiz' does not exist on type 'string | number | boolean | JSONObject | JSONArray | { practice: string[]; what: string[]; how: string[]; mini_project: { title: string; brief: string; }; quiz: { q: string; answer: number; choices: string[]; }[]; }'.
  Property 'quiz' does not exist on type 'string'.
src/components/NodeDrawer.tsx(641,54): error TS2339: Property 'quiz' does not exist on type 'string | number | boolean | JSONObject | JSONArray | { practice: string[]; what: string[]; how: string[]; mini_project: { title: string; brief: string; }; quiz: { q: string; answer: number; choices: string[]; }[]; }'.
  Property 'quiz' does not exist on type 'string'.
src/components/NodeDrawer.tsx(645,32): error TS2339: Property 'quiz' does not exist on type 'string | number | boolean | JSONObject | JSONArray | { practice: string[]; what: string[]; how: string[]; mini_project: { title: string; brief: string; }; quiz: { q: string; answer: number; choices: string[]; }[]; }'.
  Property 'quiz' does not exist on type 'string'.
src/components/NodeDrawer.tsx(646,64): error TS2339: Property 'quiz' does not exist on type 'string | number | boolean | JSONObject | JSONArray | { practice: string[]; what: string[]; how: string[]; mini_project: { title: string; brief: string; }; quiz: { q: string; answer: number; choices: string[]; }[]; }'.
  Property 'quiz' does not exist on type 'string'.
src/components/NodeDrawer.tsx(657,46): error TS2339: Property 'quiz' does not exist on type 'string | number | boolean | JSONObject | JSONArray | { practice: string[]; what: string[]; how: string[]; mini_project: { title: string; brief: string; }; quiz: { q: string; answer: number; choices: string[]; }[]; }'.
  Property 'quiz' does not exist on type 'string'.
src/components/NodeDrawer.tsx(1233,37): error TS2339: Property 'what' does not exist on type 'string | number | true | JSONObject | JSONArray | { practice: string[]; what: string[]; how: string[]; mini_project: { title: string; brief: string; }; quiz: { q: string; answer: number; choices: string[]; }[]; }'.
  Property 'what' does not exist on type 'string'.
src/components/NodeDrawer.tsx(1247,37): error TS2339: Property 'how' does not exist on type 'string | number | true | JSONObject | JSONArray | { practice: string[]; what: string[]; how: string[]; mini_project: { title: string; brief: string; }; quiz: { q: string; answer: number; choices: string[]; }[]; }'.
  Property 'how' does not exist on type 'string'.
src/components/NodeDrawer.tsx(1263,35): error TS2339: Property 'practice' does not exist on type 'string | number | true | JSONObject | JSONArray | { practice: string[]; what: string[]; how: string[]; mini_project: { title: string; brief: string; }; quiz: { q: string; answer: number; choices: string[]; }[]; }'.
  Property 'practice' does not exist on type 'string'.
src/components/NodeDrawer.tsx(1273,31): error TS2339: Property 'mini_project' does not exist on type 'string | number | true | JSONObject | JSONArray | { practice: string[]; what: string[]; how: string[]; mini_project: { title: string; brief: string; }; quiz: { q: string; answer: number; choices: string[]; }[]; }'.
  Property 'mini_project' does not exist on type 'string'.
src/components/NodeDrawer.tsx(1279,37): error TS2339: Property 'mini_project' does not exist on type 'string | number | true | JSONObject | JSONArray | { practice: string[]; what: string[]; how: string[]; mini_project: { title: string; brief: string; }; quiz: { q: string; answer: number; choices: string[]; }[]; }'.
  Property 'mini_project' does not exist on type 'string'.
src/components/NodeDrawer.tsx(1282,37): error TS2339: Property 'mini_project' does not exist on type 'string | number | true | JSONObject | JSONArray | { practice: string[]; what: string[]; how: string[]; mini_project: { title: string; brief: string; }; quiz: { q: string; answer: number; choices: string[]; }[]; }'.
  Property 'mini_project' does not exist on type 'string'.
src/components/NodeDrawer.tsx(1288,56): error TS2339: Property 'mini_project' does not exist on type 'string | number | true | JSONObject | JSONArray | { practice: string[]; what: string[]; how: string[]; mini_project: { title: string; brief: string; }; quiz: { q: string; answer: number; choices: string[]; }[]; }'.
  Property 'mini_project' does not exist on type 'string'.
src/components/NodeDrawer.tsx(1299,31): error TS2339: Property 'quiz' does not exist on type 'string | number | true | JSONObject | JSONArray | { practice: string[]; what: string[]; how: string[]; mini_project: { title: string; brief: string; }; quiz: { q: string; answer: number; choices: string[]; }[]; }'.
  Property 'quiz' does not exist on type 'string'.
src/components/NodeDrawer.tsx(1306,37): error TS2339: Property 'quiz' does not exist on type 'string | number | true | JSONObject | JSONArray | { practice: string[]; what: string[]; how: string[]; mini_project: { title: string; brief: string; }; quiz: { q: string; answer: number; choices: string[]; }[]; }'.
  Property 'quiz' does not exist on type 'string'.
src/components/NodeDrawer.tsx(1356,82): error TS2339: Property 'quiz' does not exist on type 'string | number | true | JSONObject | JSONArray | { practice: string[]; what: string[]; how: string[]; mini_project: { title: string; brief: string; }; quiz: { q: string; answer: number; choices: string[]; }[]; }'.
  Property 'quiz' does not exist on type 'string'.
src/components/RoadmapGalaxy.tsx(38,31): error TS2352: Conversion of type 'EventDispatcher<{}>' to type '{ target: Vector3; update: () => void; }' may be a mistake because neither type sufficiently overlaps with the other. If this was intentional, convert the expression to 'unknown' first.
  Type 'EventDispatcher<{}>' is missing the following properties from type '{ target: Vector3; update: () => void; }': target, update
src/components/RoadmapGalaxy.tsx(58,31): error TS2352: Conversion of type 'EventDispatcher<{}>' to type '{ target: Vector3; update: () => void; }' may be a mistake because neither type sufficiently overlaps with the other. If this was intentional, convert the expression to 'unknown' first.
  Type 'EventDispatcher<{}>' is missing the following properties from type '{ target: Vector3; update: () => void; }': target, update
src/components/RoadmapGalaxy.tsx(403,59): error TS2322: Type '{ children: Element; camera: { position: number[]; fov: number; }; dpr: number[]; }' is not assignable to type 'IntrinsicAttributes & SharedCanvasProps'.
  Property 'dpr' does not exist on type 'IntrinsicAttributes & SharedCanvasProps'.
src/components/SharedCanvas.tsx(20,11): error TS2322: Type 'number[]' is not assignable to type 'number | Vector3 | [x: number, y: number, z: number] | readonly [x: number, y: number, z: number] | Readonly<Vector3> | undefined'.
  Type 'number[]' is not assignable to type 'Vector3 | [x: number, y: number, z: number] | readonly [x: number, y: number, z: number] | Readonly<Vector3>'.
    Type 'number[]' is not assignable to type '[x: number, y: number, z: number]'.
      Target requires 3 element(s) but source may have fewer.
src/components/ui/chart.tsx(156,85): error TS2769: No overload matches this call.
  Overload 1 of 2, '(label: ReactNode, payload: readonly Payload<ValueType, NameType>[]): ReactNode', gave the following error.
    Argument of type 'RechartsPayloadItem[]' is not assignable to parameter of type 'readonly Payload<ValueType, NameType>[]'.
      Property 'graphicalItemId' is missing in type 'RechartsPayloadItem' but required in type 'Payload<ValueType, NameType>'.
  Overload 2 of 2, '(label: any, payload: TooltipPayload): ReactNode', gave the following error.
    Argument of type 'RechartsPayloadItem[]' is not assignable to parameter of type 'TooltipPayload'.
      Property 'graphicalItemId' is missing in type 'RechartsPayloadItem' but required in type 'Payload<ValueType, NameType>'.
src/components/ui/chart.tsx(201,23): error TS2769: No overload matches this call.
  Overload 1 of 2, '(value: ValueType | undefined, name: NameType | undefined, item: Payload<ValueType, NameType>, index: number, payload: readonly Payload<...>[]): ReactNode | [...]', gave the following error.
    Argument of type '{} | null' is not assignable to parameter of type 'ValueType | undefined'.
      Type 'null' is not assignable to type 'ValueType | undefined'.
  Overload 2 of 2, '(value: ValueType, name: NameType, item: TooltipPayloadEntry, index: number, payload: TooltipPayload): ReactNode | [...]', gave the following error.
    Argument of type '{} | null' is not assignable to parameter of type 'ValueType'.
      Type 'null' is not assignable to type 'ValueType'.
src/components/ui/chart.tsx(245,25): error TS2322: Type 'unknown' is not assignable to type 'ReactNode'.
src/components/ui/chart.tsx(309,15): error TS2322: Type 'unknown' is not assignable to type 'Key | null | undefined'.
src/lib/ai-gateway.ts(347,49): error TS2345: Argument of type '{ model: SDKModel; abortSignal: AbortSignal; output?: Output<any, any, any> | undefined; seed?: number | undefined; headers?: Record<string, string | undefined> | undefined; providerOptions?: ProviderOptions | undefined; ... 32 more ...; experimental_prepareStep?: PrepareStepFunction<...> | undefined; }' is not assignable to parameter of type 'CallSettings & (Prompt & { model: LanguageModel; tools?: ToolSet | undefined; toolChoice?: ToolChoice<NoInfer<ToolSet>> | undefined; ... 19 more ...; _internal?: { ...; } | undefined; })'.
  Type '{ model: SDKModel; abortSignal: AbortSignal; output?: Output<any, any, any> | undefined; seed?: number | undefined; headers?: Record<string, string | undefined> | undefined; providerOptions?: ProviderOptions | undefined; ... 32 more ...; experimental_prepareStep?: PrepareStepFunction<...> | undefined; }' is not assignable to type 'CallSettings & { system?: string | SystemModelMessage | SystemModelMessage[] | undefined; allowSystemInMessages?: boolean | undefined; } & { ...; } & { ...; }'.
    Type '{ model: SDKModel; abortSignal: AbortSignal; output?: Output<any, any, any> | undefined; seed?: number | undefined; headers?: Record<string, string | undefined> | undefined; providerOptions?: ProviderOptions | undefined; ... 32 more ...; experimental_prepareStep?: PrepareStepFunction<...> | undefined; }' is not assignable to type '{ messages: ModelMessage[]; prompt?: undefined; }'.
      Types of property 'messages' are incompatible.
        Type 'ModelMessage[] | undefined' is not assignable to type 'ModelMessage[]'.
          Type 'undefined' is not assignable to type 'ModelMessage[]'.
src/lib/ai-gateway.ts(389,51): error TS2345: Argument of type '{ model: SDKModel; abortSignal: AbortSignal; output?: "object" | "array" | "enum" | "no-schema" | undefined; seed?: number | undefined; headers?: Record<string, string | undefined> | undefined; ... 16 more ...; experimental_repairText?: RepairTextFunction | undefined; }' is not assignable to parameter of type '(Omit<CallSettings, "stopSequences"> & Prompt) & (({} | { schema: FlexibleSchema<JSONValue>; schemaName?: string | undefined; schemaDescription?: string | undefined; } | { ...; }) & { ...; })'.
  Type '{ model: SDKModel; abortSignal: AbortSignal; output?: "object" | "array" | "enum" | "no-schema" | undefined; seed?: number | undefined; headers?: Record<string, string | undefined> | undefined; ... 16 more ...; experimental_repairText?: RepairTextFunction | undefined; }' is not assignable to type 'Omit<CallSettings, "stopSequences"> & { system?: string | SystemModelMessage | SystemModelMessage[] | undefined; allowSystemInMessages?: boolean | undefined; } & { ...; } & { ...; } & { ...; }'.
    Type '{ model: SDKModel; abortSignal: AbortSignal; output?: "object" | "array" | "enum" | "no-schema" | undefined; seed?: number | undefined; headers?: Record<string, string | undefined> | undefined; ... 16 more ...; experimental_repairText?: RepairTextFunction | undefined; }' is not assignable to type '{ messages: ModelMessage[]; prompt?: undefined; }'.
      Types of property 'messages' are incompatible.
        Type 'ModelMessage[] | undefined' is not assignable to type 'ModelMessage[]'.
          Type 'undefined' is not assignable to type 'ModelMessage[]'.
src/lib/ai-gateway.ts(434,51): error TS2345: Argument of type '{ model: SDKModel; abortSignal: AbortSignal; output?: "object" | "array" | "enum" | "no-schema" | undefined; seed?: number | undefined; headers?: Record<string, string | undefined> | undefined; ... 16 more ...; experimental_repairText?: RepairTextFunction | undefined; }' is not assignable to parameter of type '(Omit<CallSettings, "stopSequences"> & Prompt) & (({} | { schema: FlexibleSchema<JSONValue>; schemaName?: string | undefined; schemaDescription?: string | undefined; } | { ...; }) & { ...; })'.
  Type '{ model: SDKModel; abortSignal: AbortSignal; output?: "object" | "array" | "enum" | "no-schema" | undefined; seed?: number | undefined; headers?: Record<string, string | undefined> | undefined; ... 16 more ...; experimental_repairText?: RepairTextFunction | undefined; }' is not assignable to type 'Omit<CallSettings, "stopSequences"> & { system?: string | SystemModelMessage | SystemModelMessage[] | undefined; allowSystemInMessages?: boolean | undefined; } & { ...; } & { ...; } & { ...; }'.
    Type '{ model: SDKModel; abortSignal: AbortSignal; output?: "object" | "array" | "enum" | "no-schema" | undefined; seed?: number | undefined; headers?: Record<string, string | undefined> | undefined; ... 16 more ...; experimental_repairText?: RepairTextFunction | undefined; }' is not assignable to type '{ messages: ModelMessage[]; prompt?: undefined; }'.
      Types of property 'messages' are incompatible.
        Type 'ModelMessage[] | undefined' is not assignable to type 'ModelMessage[]'.
          Type 'undefined' is not assignable to type 'ModelMessage[]'.
src/routes/_app.books.tsx(402,7): error TS2322: Type 'unknown' is not assignable to type 'Json'.
src/routes/_app.builder.tsx(120,46): error TS2339: Property 'sandboxCode' does not exist on type '{ title: string; techStack: { frontend: string[]; backend: string[]; devops: string[]; database: string[]; }; folderStructure: string[]; frontendArchitecture: string[]; backendArchitecture: string[]; databaseSchema: { ...; }[]; ... 11 more ...; estimatedTimeline: string; }'.
src/routes/_app.builder.tsx(121,44): error TS2339: Property 'sandboxCode' does not exist on type '{ title: string; techStack: { frontend: string[]; backend: string[]; devops: string[]; database: string[]; }; folderStructure: string[]; frontendArchitecture: string[]; backendArchitecture: string[]; databaseSchema: { ...; }[]; ... 11 more ...; estimatedTimeline: string; }'.
src/routes/_app.builder.tsx(226,50): error TS2339: Property 'sandboxCode' does not exist on type '{ title: string; techStack: { frontend: string[]; backend: string[]; devops: string[]; database: string[]; }; folderStructure: string[]; frontendArchitecture: string[]; backendArchitecture: string[]; databaseSchema: { ...; }[]; ... 11 more ...; estimatedTimeline: string; }'.
src/routes/_app.builder.tsx(227,48): error TS2339: Property 'sandboxCode' does not exist on type '{ title: string; techStack: { frontend: string[]; backend: string[]; devops: string[]; database: string[]; }; folderStructure: string[]; frontendArchitecture: string[]; backendArchitecture: string[]; databaseSchema: { ...; }[]; ... 11 more ...; estimatedTimeline: string; }'.
src/routes/_app.dashboard.tsx(95,59): error TS2322: Type '{ children: Element; camera: { position: number[]; fov: number; }; dpr: number[]; }' is not assignable to type 'IntrinsicAttributes & SharedCanvasProps'.
  Property 'dpr' does not exist on type 'IntrinsicAttributes & SharedCanvasProps'.
src/routes/_app.dashboard.tsx(100,15): error TS2322: Type 'string[]' is not assignable to type '{ [key: string]: unknown; title: string; }[]'.
  Type 'string' is not assignable to type '{ [key: string]: unknown; title: string; }'.
src/routes/_app.job-prep.tsx(852,7): error TS2322: Type 'unknown' is not assignable to type 'Json'.
src/routes/_app.portfolio.tsx(551,7): error TS2322: Type 'Record<string, unknown>' is not assignable to type 'Json'.
  Type 'Record<string, unknown>' is missing the following properties from type 'Json[]': length, pop, push, concat, and 29 more.
src/routes/_app.roadmap.index.tsx(121,7): error TS2322: Type 'unknown' is not assignable to type 'Json'.
